// Jest Snapshot v1, https://goo.gl/fbAQLP

exports[`interval event with expected arguments 1`] = `
Array [
  IntervalEventParam {
    "intervalCount": 1,
    "intervalDelay": 3,
  },
  IntervalEventParam {
    "intervalCount": 2,
    "intervalDelay": 3,
  },
  IntervalEventParam {
    "intervalCount": 3,
    "intervalDelay": 3,
  },
  IntervalEventParam {
    "intervalCount": 4,
    "intervalDelay": 3,
  },
  IntervalEventParam {
    "intervalCount": 5,
    "intervalDelay": 3,
  },
  IntervalEventParam {
    "intervalCount": 6,
    "intervalDelay": 3,
  },
  IntervalEventParam {
    "intervalCount": 7,
    "intervalDelay": 3,
  },
  IntervalEventParam {
    "intervalCount": 8,
    "intervalDelay": 3,
  },
  IntervalEventParam {
    "intervalCount": 9,
    "intervalDelay": 3,
  },
  IntervalEventParam {
    "intervalCount": 10,
    "intervalDelay": 3,
  },
]
`;
