// Jest Snapshot v1, https://goo.gl/fbAQLP

exports[`--showStatus prints a table of status codes and names 1`] = `
"
 code | name
------|----------------------
    0 | Success
    1 | UnexpectedException
    2 | IndeterminableTTY
    3 | NotFound
    4 | InvalidEditorSet
    5 | ConfigLoadingFailure
    6 | EmptyConfig
    7 | ConfigNotFound
    8 | ExecutionFailure
    9 | UnsatisfiedChooser
   10 | InvalidPrefix
   11 | EmptyEditorSet
"
`;

exports[`load configuration file when configuration file is empty prints error messages 1`] = `
"
[ERROR] Config is empty
* config file: '/path/to/config'
* config: {loaded configuration content}
"
`;

exports[`load configuration file when it fails to load configuration file prints error messages 1`] = `
"
[ERROR] Fail to load configuration file
* message: 'Error: Failed to load configuration file'
"
`;

exports[`load configuration file when no configuration file found prints error messages 1`] = `
"
[ERROR] No config file found
* search places: [
  'choose-text-editor',
  'choose-text-editor.json',
  'choose-text-editor.yaml',
  'choose-text-editor.config.js',
  'choose-text-editor.js',
  'package.json',
  'package.yaml'
]
"
`;
