// Jest Snapshot v1, https://goo.gl/fbAQLP

exports[`calls logger function 1`] = `
Array [
  Array [
    " code | name",
  ],
  Array [
    "------|----------------------",
  ],
  Array [
    "    0 | Success",
  ],
  Array [
    "    1 | UnexpectedException",
  ],
  Array [
    "    2 | IndeterminableTTY",
  ],
  Array [
    "    3 | NotFound",
  ],
  Array [
    "    4 | InvalidEditorSet",
  ],
  Array [
    "    5 | ConfigLoadingFailure",
  ],
  Array [
    "    6 | EmptyConfig",
  ],
  Array [
    "    7 | ConfigNotFound",
  ],
  Array [
    "    8 | ExecutionFailure",
  ],
  Array [
    "    9 | UnsatisfiedChooser",
  ],
  Array [
    "   10 | InvalidPrefix",
  ],
  Array [
    "   11 | EmptyEditorSet",
  ],
]
`;

exports[`prints message 1`] = `
"
 code | name
------|----------------------
    0 | Success
    1 | UnexpectedException
    2 | IndeterminableTTY
    3 | NotFound
    4 | InvalidEditorSet
    5 | ConfigLoadingFailure
    6 | EmptyConfig
    7 | ConfigNotFound
    8 | ExecutionFailure
    9 | UnsatisfiedChooser
   10 | InvalidPrefix
   11 | EmptyEditorSet
"
`;
